Microchip MPLAB XC8 Compiler V2.10 ()

Linker command line:

-W-3 --edf=C:\Program Files (x86)\Microchip\xc8\v2.10\pic\dat\en_msgs.txt \
  -cs -h+dist/default/production\CPD.X.production.sym \
  --cmf=dist/default/production\CPD.X.production.cmf -z -Q18F14K50 \
  -oC:\Users\tim\AppData\Local\Temp\sa4s.2 --defsym=__MPLAB_BUILD=1 \
  -Mdist/default/production/CPD.X.production.map -E1 -ver=XC8 --acfsm=1493 \
  -ASTACK=09Fh-01FFh -pstack=STACK -ACODE=00h-03FFFh -ACONST=00h-03FFFh \
  -ASMALLCONST=0300h-03FFhx61 -AMEDIUMCONST=0300h-03FFFh -ACOMRAM=01h-05Fh \
  -AABS1=00h-02FFh -ABIGRAM=01h-02FFh -ARAM=060h-0FFh,0100h-01FFhx2 \
  -ABANK0=060h-0FFh -ABANK1=0100h-01FFh -ABANK2=0200h-02FFh \
  -ASFR=0F53h-0F5Fh,0F60h-0FFFh \
  -preset_vec=00h,intcode=08h,intcodelo=018h,powerup,init -pramtop=0300h \
  -psmallconst=SMALLCONST -pmediumconst=MEDIUMCONST -pconst=CONST \
  -AFARRAM=00h-00h -ACONFIG=0300000h-030000Dh -pconfig=CONFIG \
  -AIDLOC=0200000h-0200007h -pidloc=IDLOC -AEEDATA=0F00000h-0F000FFh \
  -peeprom_data=EEDATA \
  -prdata=COMRAM,nvrram=COMRAM,nvbit=COMRAM,rbss=COMRAM,rbit=COMRAM \
  -pfarbss=FARRAM,fardata=FARRAM,nvFARRAM=FARRAM \
  -pintsave_regs=BIGRAM,bigbss=BIGRAM,bigdata=BIGRAM -pbss=RAM \
  -pidata=CODE,irdata=CODE,ibigdata=CODE,ifardata=CODE -prparam=COMRAM \
  C:\Users\tim\AppData\Local\Temp\sa4s.o \
  dist/default/production\CPD.X.production.o 

Object code version is 3.11

Machine type is 18F14K50

Call graph: (short form)




                Name                               Link     Load   Length Selector   Space Scale
C:\Users\tim\AppData\Local\Temp\sa4s.o
                init                                 4A       4A        4        C       0
                reset_vec                             0        0        4        0       0
                idloc                            200000   200000        8   200000       0
                config                           300000   300000        E   300000       0
dist/default/production\CPD.X.production.o
                intcodelo                            18       18       32        C       0
                intcode                               8        8        6        4       0
                temp                                 57       57        1        1       1
                smallconst                          300      300       E4      180       0
                text47                             1756     1756      110      1F2       0
                text46                             266C     266C        6      1F2       0
                text45                             1620     1620      136      1F2       0
                text44                             1A6A     1A6A       F2      1F2       0
                text43                              BA2      BA2      172      1F2       0
                text42                             210C     210C       74      1F2       0
                text41                             1F48     1F48       AC      1F2       0
                text40                             23B8     23B8       4C      1F2       0
                text39                             14E2     14E2      13E      1F2       0
                text38                             2248     2248       64      1F2       0
                text37                             260E     260E       1C      1F2       0
                text36                             25F2     25F2       1C      1F2       0
                text35                              FBC      FBC      14E      1F2       0
                text34                             1DE8     1DE8       B2      1F2       0
                text33                              3E4      3E4      34C      1F2       0
                text32                             110A     110A      14C      1F2       0
                text31                             1B5C     1B5C       EE      1F2       0
                text30                             2510     2510       38      1F2       0
                text29                             1C4A     1C4A       E6      1F2       0
                text28                             1866     1866      108      1F2       0
                text27                             1E9A     1E9A       AE      1F2       0
                text26                             1256     1256      14A      1F2       0
                text25                             1FF4     1FF4       90      1F2       0
                text24                             2368     2368       50      1F2       0
                text23                             1D30     1D30       B8      1F2       0
                text22                             2548     2548       34      1F2       0
                text21                             22AC     22AC       62      1F2       0
                text20                             257C     257C       2E      1F2       0
                text19                             2496     2496       40      1F2       0
                text18                              E6A      E6A      152      1F2       0
                text17                              97C      97C      226      1F2       0
                text16                             265E     265E        E      1F2       0
                text15                             2640     2640       10      1F2       0
                intcode_body                       2084     2084       88      1F2       0
                text13                             2650     2650        E      1F2       0
                text12                             196E     196E       FC      1F2       0
                text10                             25D0     25D0       22      1F2       0
                text9                              244E     244E       48      1F2       0
                text8                              24D6     24D6       3A      1F2       0
                text7                               D14      D14      156      1F2       0
                text6                              13A0     13A0      142      1F2       0
                text5                              21E4     21E4       64      1F2       0
                text4                              2180     2180       64      1F2       0
                text3                               730      730      24C      1F2       0
                text2                              2404     2404       4A      1F2       0
                text1                              262A     262A       16      1F2       0
                text0                              230E     230E       5A      1F2       0
                cstackCOMRAM                         2E       2E       29        1       1
                cstackBANK0                          86       86       19       60       1
                bssBANK0                             60       60       26       60       1
                bssCOMRAM                             1        1       2D        1       1
                cinit                              25AA     25AA       26      1F2       0

TOTAL           Name                               Link     Load   Length     Space
        CLASS   STACK          

        CLASS   CODE           
                intcodelo                            18       18       32         0
                intcode                               8        8        6         0
                init                                 4A       4A        4         0
                reset_vec                             0        0        4         0
                text47                             1756     1756      110         0
                text46                             266C     266C        6         0
                text45                             1620     1620      136         0
                text44                             1A6A     1A6A       F2         0
                text43                              BA2      BA2      172         0
                text42                             210C     210C       74         0
                text41                             1F48     1F48       AC         0
                text40                             23B8     23B8       4C         0
                text39                             14E2     14E2      13E         0
                text38                             2248     2248       64         0
                text37                             260E     260E       1C         0
                text36                             25F2     25F2       1C         0
                text35                              FBC      FBC      14E         0
                text34                             1DE8     1DE8       B2         0
                text33                              3E4      3E4      34C         0
                text32                             110A     110A      14C         0
                text31                             1B5C     1B5C       EE         0
                text30                             2510     2510       38         0
                text29                             1C4A     1C4A       E6         0
                text28                             1866     1866      108         0
                text27                             1E9A     1E9A       AE         0
                text26                             1256     1256      14A         0
                text25                             1FF4     1FF4       90         0
                text24                             2368     2368       50         0
                text23                             1D30     1D30       B8         0
                text22                             2548     2548       34         0
                text21                             22AC     22AC       62         0
                text20                             257C     257C       2E         0
                text19                             2496     2496       40         0
                text18                              E6A      E6A      152         0
                text17                              97C      97C      226         0
                text16                             265E     265E        E         0
                text15                             2640     2640       10         0
                intcode_body                       2084     2084       88         0
                text13                             2650     2650        E         0
                text12                             196E     196E       FC         0
                text10                             25D0     25D0       22         0
                text9                              244E     244E       48         0
                text8                              24D6     24D6       3A         0
                text7                               D14      D14      156         0
                text6                              13A0     13A0      142         0
                text5                              21E4     21E4       64         0
                text4                              2180     2180       64         0
                text3                               730      730      24C         0
                text2                              2404     2404       4A         0
                text1                              262A     262A       16         0
                text0                              230E     230E       5A         0
                cinit                              25AA     25AA       26         0

        CLASS   CONST          

        CLASS   SMALLCONST     
                smallconst                          300      300       E4         0

        CLASS   MEDIUMCONST    

        CLASS   COMRAM         
                temp                                 57       57        1         1
                cstackCOMRAM                         2E       2E       29         1
                bssCOMRAM                             1        1       2D         1

        CLASS   ABS1           
                abs_s1                              200      200       30         1
                abs_s1                              240      240        9         1

        CLASS   BIGRAM         

        CLASS   RAM            

        CLASS   BANK0          
                cstackBANK0                          86       86       19         1
                bssBANK0                             60       60       26         1

        CLASS   BANK1          

        CLASS   BANK2          

        CLASS   SFR            

        CLASS   FARRAM         

        CLASS   CONFIG         
                config                           300000   300000        E         0

        CLASS   IDLOC          
                idloc                            200000   200000        8         0

        CLASS   EEDATA         



SEGMENTS        Name                           Load    Length   Top    Selector   Space  Class

                reset_vec                      000000  000004  000004         0       0  CODE    
                bssCOMRAM                      000001  000057  000058         1       1  COMRAM  
                intcode                        000008  000006  00000E         4       0  CODE    
                intcodelo                      000018  000036  00004E         C       0  CODE    
                bssBANK0                       000060  00003F  00009F        60       1  BANK0   
                smallconst                     000300  0000E4  0003E4       180       0  SMALLCON
                text33                         0003E4  00228E  002672       1F2       0  CODE    
                idloc                          200000  000008  200008    200000       0  IDLOC   
                config                         300000  00000E  30000E    300000       0  CONFIG  


UNUSED ADDRESS RANGES

        Name                Unused          Largest block    Delta
        BANK0            00009F-0000FF               61
        BANK1            000100-0001FF              100
        BANK2            000230-00023F               10
                         000249-0002FF               B7
        BIGRAM           000058-00005F                8
                         00009F-0001FF              161
                         000230-00023F               10
                         000249-0002FF               B7
        CODE             000004-000007                4
                         00000E-000017                A
                         00004E-0002FF              2B2
                         002672-003FFF             198E
        COMRAM           000058-00005F                8
        CONST            000004-000007                4
                         00000E-000017                A
                         00004E-0002FF              2B2
                         002672-003FFF             198E
        EEDATA           F00000-F000FF              100
        MEDIUMCONST      002672-003FFF             198E
        RAM              00009F-0001FF               61
                         000230-00023F               10
                         000249-0002FF               B7
        SFR              000F53-000FFF                D
        SMALLCONST       002672-003FFF              100
        STACK            00009F-0001FF              161

                                  Symbol Table

?_USBTransferOnePacket                     cstackBANK0  00008A
?i2_USBTransferOnePacket                   cstackCOMRAM 00002E
APP_KeyboardTask@TimeDeltaMilliseconds     cstackBANK0  00009A
APP_KeyboardTask@command                   cstackBANK0  000095
APP_KeyboardTask@i                         cstackBANK0  00009C
APP_KeyboardTask@needToSendNewReportPacket cstackBANK0  000099
USBConfigureEndpoint@EPNum                 cstackCOMRAM 000033
USBConfigureEndpoint@direction             cstackCOMRAM 00002E
USBConfigureEndpoint@handle                cstackCOMRAM 000034
USBCtrlTrfInHandler@lastDTS                cstackCOMRAM 00002F
USBCtrlTrfRxService@byteToRead             cstackCOMRAM 00002F
USBCtrlTrfRxService@i                      cstackCOMRAM 00002E
USBCtrlTrfTxService@byteToSend             cstackCOMRAM 00002E
USBDeviceInit@i                            cstackBANK0  000092
USBDeviceTasks@i                           cstackCOMRAM 00004A
USBEnableEndpoint@ep                       cstackCOMRAM 000039
USBEnableEndpoint@options                  cstackCOMRAM 000036
USBEnableEndpoint@p                        cstackCOMRAM 000037
USBHIDCBSetIdleRateHandler@newIdleRate     cstackCOMRAM 00002E
USBHIDCBSetIdleRateHandler@reportID        cstackCOMRAM 00002F
USBStdFeatureReqHandler@current_ep_data    cstackCOMRAM 000046
USBStdFeatureReqHandler@p                  cstackCOMRAM 000047
USBStdFeatureReqHandler@pUEP               cstackCOMRAM 000044
USBStdGetStatusHandler@p                   cstackCOMRAM 00002F
USBStdSetCfgHandler@i                      cstackCOMRAM 000042
USBTransferOnePacket@data                  cstackBANK0  00008B
USBTransferOnePacket@dir                   cstackBANK0  00008A
USBTransferOnePacket@ep                    cstackBANK0  000092
USBTransferOnePacket@handle                cstackBANK0  000093
USBTransferOnePacket@len                   cstackBANK0  00008D
USER_USB_CALLBACK_EVENT_HANDLER@event      cstackCOMRAM 00003A
USER_USB_CALLBACK_EVENT_HANDLER@pdata      cstackCOMRAM 00003C
USER_USB_CALLBACK_EVENT_HANDLER@size       cstackCOMRAM 00003E
_ANSEL                                     (abs)        000F7E
_ANSELH                                    (abs)        000F7F
_APP_KeyboardInit                          text38       002248
_APP_KeyboardTask                          text3        000730
_BDT                                       (abs)        000200
_BothEP0OutUOWNsSet                        bssCOMRAM    000023
_CtrlTrfData                               (abs)        000228
_INTCON2bits                               (abs)        000FF1
_INTCONbits                                (abs)        000FF2
_IPR2bits                                  (abs)        000FA2
_LocalSOFCount                             bssBANK0     000074
_OldSOFCount                               bssBANK0     000072
_PIE2bits                                  (abs)        000FA0
_PIR2bits                                  (abs)        000FA1
_PORTCbits                                 (abs)        000F82
_PowerOffPeripherals                       bssBANK0     000081
_RCONbits                                  (abs)        000FD0
_RemoteWakeup                              bssCOMRAM    000026
_SOFCounter                                bssCOMRAM    000017
_SYS_InterruptLow                          intcodelo    000018
_Sensor_Timer_Init                         text10       0025D0
_SetupPkt                                  (abs)        000220
_T0CONbits                                 (abs)        000FD5
_TMR0H                                     (abs)        000FD7
_TMR0L                                     (abs)        000FD6
_TRISCbits                                 (abs)        000F94
_UADDR                                     (abs)        000F5C
_UCFG                                      (abs)        000F61
_UCON                                      (abs)        000F64
_UCONbits                                  (abs)        000F64
_UEIE                                      (abs)        000F5B
_UEIR                                      (abs)        000F5F
_UEP0                                      (abs)        000F53
_UEP0bits                                  (abs)        000F53
_UEP1                                      (abs)        000F54
_UIE                                       (abs)        000F60
_UIEbits                                   (abs)        000F60
_UIR                                       (abs)        000F62
_UIRbits                                   (abs)        000F62
_USB1msTickCount                           bssBANK0     00006E
_USBActiveConfiguration                    bssCOMRAM    00002D
_USBAlternateInterface                     bssCOMRAM    00002C
_USBBusIsSuspended                         bssCOMRAM    000025
_USBCheckHIDRequest                        text35       000FBC
_USBCheckStdRequest                        text28       001866
_USBConfigureEndpoint                      text41       001F48
_USBCtrlEPAllowDataStage                   text27       001E9A
_USBCtrlEPAllowStatusStage                 text44       001A6A
_USBCtrlEPService                          text23       001D30
_USBCtrlEPServiceComplete                  text26       001256
_USBCtrlTrfInHandler                       text45       001620
_USBCtrlTrfOutHandler                      text42       00210C
_USBCtrlTrfRxService                       text43       000BA2
_USBCtrlTrfSetupHandler                    text25       001FF4
_USBCtrlTrfTxService                       text47       001756
_USBDeferINDataStagePackets                bssBANK0     00007E
_USBDeferOUTDataStagePackets               bssBANK0     00007D
_USBDeferStatusStagePacket                 bssCOMRAM    000021
_USBDeviceAttach                           text9        00244E
_USBDeviceInit                             text7        000D14
_USBDeviceState                            bssCOMRAM    000029
_USBDeviceTasks                            text17       00097C
_USBEnableEndpoint                         text40       0023B8
_USBHIDCBSetIdleRateHandler                text37       00260E
_USBHIDCBSetReportComplete                 text46       00266C
_USBHIDCBSetReportHandler                  text36       0025F2
_USBIncrement1msInternalTimers             text22       002548
_USBStallHandler                           text21       0022AC
_USBStatusStageEnabledFlag1                bssBANK0     000080
_USBStatusStageEnabledFlag2                bssBANK0     00007F
_USBStatusStageTimeoutCounter              bssCOMRAM    000022
_USBStdFeatureReqHandler                   text33       0003E4
_USBStdGetDscHandler                       text32       00110A
_USBStdGetStatusHandler                    text31       001B5C
_USBStdSetCfgHandler                       text29       001C4A
_USBSuspend                                text20       00257C
_USBTicksSinceSuspendEnd                   bssBANK0     00007C
_USBTransferOnePacket                      text6        0013A0
_USBWakeFromSuspend                        text19       002496
_USB_CD_Ptr                                smallconst   000307
_USB_SD_Ptr                                smallconst   000301
_USER_USB_CALLBACK_EVENT_HANDLER           text34       001DE8
_USTAT                                     (abs)        000F63
_USTATcopy                                 bssCOMRAM    00002B
__CFG_BBSIZ$OFF                            (abs)        000000
__CFG_BOREN$OFF                            (abs)        000000
__CFG_BORV$30                              (abs)        000000
__CFG_CP0$OFF                              (abs)        000000
__CFG_CP1$OFF                              (abs)        000000
__CFG_CPB$OFF                              (abs)        000000
__CFG_CPUDIV$NOCLKDIV                      (abs)        000000
__CFG_EBTR0$OFF                            (abs)        000000
__CFG_EBTR1$OFF                            (abs)        000000
__CFG_EBTRB$OFF                            (abs)        000000
__CFG_FCMEN$OFF                            (abs)        000000
__CFG_FOSC$HS                              (abs)        000000
__CFG_HFOFST$OFF                           (abs)        000000
__CFG_IESO$OFF                             (abs)        000000
__CFG_LVP$OFF                              (abs)        000000
__CFG_MCLRE$OFF                            (abs)        000000
__CFG_PLLEN$ON                             (abs)        000000
__CFG_PWRTEN$OFF                           (abs)        000000
__CFG_STVREN$ON                            (abs)        000000
__CFG_USBDIV$OFF                           (abs)        000000
__CFG_WDTEN$OFF                            (abs)        000000
__CFG_WDTPS$32768                          (abs)        000000
__CFG_WRT0$OFF                             (abs)        000000
__CFG_WRT1$OFF                             (abs)        000000
__CFG_WRTB$OFF                             (abs)        000000
__CFG_WRTC$OFF                             (abs)        000000
__CFG_XINST$OFF                            (abs)        000000
__HRAM                                     (abs)        000000
__Habs1                                    abs1         000000
__Hbank0                                   bank0        000000
__Hbank1                                   bank1        000000
__Hbank2                                   bank2        000000
__Hbigbss                                  bigbss       000000
__Hbigdata                                 bigdata      000000
__Hbigram                                  bigram       000000
__Hbss                                     bss          000000
__HbssBANK0                                bssBANK0     000000
__HbssCOMRAM                               bssCOMRAM    000000
__Hcinit                                   cinit        000000
__Hclrtext                                 clrtext      000000
__Hcomram                                  comram       000000
__Hconfig                                  config       30000E
__Hconst                                   const        000000
__HcstackBANK0                             cstackBANK0  000000
__HcstackCOMRAM                            cstackCOMRAM 000000
__Hdata                                    data         000000
__Heeprom_data                             eeprom_data  000000
__Hfarbss                                  farbss       000000
__Hfardata                                 fardata      000000
__Hibigdata                                ibigdata     000000
__Hidata                                   idata        000000
__Hidloc                                   idloc        200008
__Hifardata                                ifardata     000000
__Hinit                                    init         00004E
__Hintcode                                 intcode      00000E
__Hintcode_body                            intcode_body 000000
__Hintcodelo                               intcodelo    00004A
__Hintentry                                intentry     000000
__Hintret                                  intret       000000
__Hintsave_regs                            intsave_regs 000000
__Hirdata                                  irdata       000000
__Hmediumconst                             mediumconst  000000
__HnvFARRAM                                nvFARRAM     000000
__Hnvbit                                   nvbit        000000
__Hnvrram                                  nvrram       000000
__Hparam                                   rparam       000000
__Hpowerup                                 powerup      00004A
__Hram                                     ram          000000
__Hramtop                                  ramtop       000300
__Hrbit                                    rbit         000000
__Hrbss                                    rbss         000000
__Hrdata                                   rdata        000000
__Hreset_vec                               reset_vec    000004
__Hrparam                                  rparam       000000
__Hsfr                                     sfr          000000
__Hsmallconst                              smallconst   0003E4
__Hspace_0                                 (abs)        30000E
__Hspace_1                                 (abs)        00009F
__Hspace_2                                 (abs)        000000
__Hstack                                   stack        000000
__Hstruct                                  struct       000000
__Htemp                                    temp         000058
__Htext                                    text         000000
__Htext0                                   text0        000000
__Htext1                                   text1        000000
__Htext10                                  text10       000000
__Htext12                                  text12       000000
__Htext13                                  text13       000000
__Htext15                                  text15       000000
__Htext16                                  text16       000000
__Htext17                                  text17       000000
__Htext18                                  text18       000000
__Htext19                                  text19       000000
__Htext2                                   text2        000000
__Htext20                                  text20       000000
__Htext21                                  text21       000000
__Htext22                                  text22       000000
__Htext23                                  text23       000000
__Htext24                                  text24       000000
__Htext25                                  text25       000000
__Htext26                                  text26       000000
__Htext27                                  text27       000000
__Htext28                                  text28       000000
__Htext29                                  text29       000000
__Htext3                                   text3        000000
__Htext30                                  text30       000000
__Htext31                                  text31       000000
__Htext32                                  text32       000000
__Htext33                                  text33       000000
__Htext34                                  text34       000000
__Htext35                                  text35       000000
__Htext36                                  text36       000000
__Htext37                                  text37       000000
__Htext38                                  text38       000000
__Htext39                                  text39       000000
__Htext4                                   text4        000000
__Htext40                                  text40       000000
__Htext41                                  text41       000000
__Htext42                                  text42       000000
__Htext43                                  text43       000000
__Htext44                                  text44       000000
__Htext45                                  text45       000000
__Htext46                                  text46       000000
__Htext47                                  text47       000000
__Htext48                                  text48       000000
__Htext5                                   text5        000000
__Htext6                                   text6        000000
__Htext7                                   text7        000000
__Htext8                                   text8        000000
__Htext9                                   text9        000000
__LRAM                                     (abs)        000001
__Labs1                                    abs1         000000
__Lbank0                                   bank0        000000
__Lbank1                                   bank1        000000
__Lbank2                                   bank2        000000
__Lbigbss                                  bigbss       000000
__Lbigdata                                 bigdata      000000
__Lbigram                                  bigram       000000
__Lbss                                     bss          000000
__LbssBANK0                                bssBANK0     000000
__LbssCOMRAM                               bssCOMRAM    000000
__Lcinit                                   cinit        000000
__Lclrtext                                 clrtext      000000
__Lcomram                                  comram       000000
__Lconfig                                  config       300000
__Lconst                                   const        000000
__LcstackBANK0                             cstackBANK0  000000
__LcstackCOMRAM                            cstackCOMRAM 000000
__Ldata                                    data         000000
__Leeprom_data                             eeprom_data  000000
__Lfarbss                                  farbss       000000
__Lfardata                                 fardata      000000
__Libigdata                                ibigdata     000000
__Lidata                                   idata        000000
__Lidloc                                   idloc        200000
__Lifardata                                ifardata     000000
__Linit                                    init         00004A
__Lintcode                                 intcode      000008
__Lintcode_body                            intcode_body 000000
__Lintcodelo                               intcodelo    000018
__Lintentry                                intentry     000000
__Lintret                                  intret       000000
__Lintsave_regs                            intsave_regs 000000
__Lirdata                                  irdata       000000
__Lmediumconst                             mediumconst  000000
__LnvFARRAM                                nvFARRAM     000000
__Lnvbit                                   nvbit        000000
__Lnvrram                                  nvrram       000000
__Lparam                                   rparam       000000
__Lpowerup                                 powerup      00004A
__Lram                                     ram          000000
__Lramtop                                  ramtop       000300
__Lrbit                                    rbit         000000
__Lrbss                                    rbss         000000
__Lrdata                                   rdata        000000
__Lreset_vec                               reset_vec    000000
__Lrparam                                  rparam       000000
__Lsfr                                     sfr          000000
__Lsmallconst                              smallconst   000300
__Lspace_0                                 (abs)        000000
__Lspace_1                                 (abs)        000000
__Lspace_2                                 (abs)        000000
__Lstack                                   stack        000000
__Lstruct                                  struct       000000
__Ltemp                                    temp         000057
__Ltext                                    text         000000
__Ltext0                                   text0        000000
__Ltext1                                   text1        000000
__Ltext10                                  text10       000000
__Ltext12                                  text12       000000
__Ltext13                                  text13       000000
__Ltext15                                  text15       000000
__Ltext16                                  text16       000000
__Ltext17                                  text17       000000
__Ltext18                                  text18       000000
__Ltext19                                  text19       000000
__Ltext2                                   text2        000000
__Ltext20                                  text20       000000
__Ltext21                                  text21       000000
__Ltext22                                  text22       000000
__Ltext23                                  text23       000000
__Ltext24                                  text24       000000
__Ltext25                                  text25       000000
__Ltext26                                  text26       000000
__Ltext27                                  text27       000000
__Ltext28                                  text28       000000
__Ltext29                                  text29       000000
__Ltext3                                   text3        000000
__Ltext30                                  text30       000000
__Ltext31                                  text31       000000
__Ltext32                                  text32       000000
__Ltext33                                  text33       000000
__Ltext34                                  text34       000000
__Ltext35                                  text35       000000
__Ltext36                                  text36       000000
__Ltext37                                  text37       000000
__Ltext38                                  text38       000000
__Ltext39                                  text39       000000
__Ltext4                                   text4        000000
__Ltext40                                  text40       000000
__Ltext41                                  text41       000000
__Ltext42                                  text42       000000
__Ltext43                                  text43       000000
__Ltext44                                  text44       000000
__Ltext45                                  text45       000000
__Ltext46                                  text46       000000
__Ltext47                                  text47       000000
__Ltext48                                  text48       000000
__Ltext5                                   text5        000000
__Ltext6                                   text6        000000
__Ltext7                                   text7        000000
__Ltext8                                   text8        000000
__Ltext9                                   text9        000000
__S0                                       (abs)        30000E
__S1                                       (abs)        00009F
__S2                                       (abs)        000000
___inthi_sp                                stack        000000
___intlo_sp                                stack        000000
___param_bank                              (abs)        000000
___rparam_used                             (abs)        000001
___sp                                      stack        000000
__accesstop                                (abs)        000060
__activetblptr                             (abs)        000002
__end_of_APP_KeyboardInit                  text38       0022AC
__end_of_APP_KeyboardTask                  text3        00097C
__end_of_SYS_InterruptLow                  intcodelo    00004A
__end_of_Sensor_Timer_Init                 text10       0025F2
__end_of_USBCheckHIDRequest                text35       00110A
__end_of_USBCheckStdRequest                text28       00196E
__end_of_USBConfigureEndpoint              text41       001FF4
__end_of_USBCtrlEPAllowDataStage           text27       001F48
__end_of_USBCtrlEPAllowStatusStage         text44       001B5C
__end_of_USBCtrlEPService                  text23       001DE8
__end_of_USBCtrlEPServiceComplete          text26       0013A0
__end_of_USBCtrlTrfInHandler               text45       001756
__end_of_USBCtrlTrfOutHandler              text42       002180
__end_of_USBCtrlTrfRxService               text43       000D14
__end_of_USBCtrlTrfSetupHandler            text25       002084
__end_of_USBCtrlTrfTxService               text47       001866
__end_of_USBDeviceAttach                   text9        002496
__end_of_USBDeviceInit                     text7        000E6A
__end_of_USBDeviceTasks                    text17       000BA2
__end_of_USBEnableEndpoint                 text40       002404
__end_of_USBHIDCBSetIdleRateHandler        text37       00262A
__end_of_USBHIDCBSetReportComplete         text46       002672
__end_of_USBHIDCBSetReportHandler          text36       00260E
__end_of_USBIncrement1msInternalTimers     text22       00257C
__end_of_USBStallHandler                   text21       00230E
__end_of_USBStdFeatureReqHandler           text33       000730
__end_of_USBStdGetDscHandler               text32       001256
__end_of_USBStdGetStatusHandler            text31       001C4A
__end_of_USBStdSetCfgHandler               text29       001D30
__end_of_USBSuspend                        text20       0025AA
__end_of_USBTransferOnePacket              text6        0014E2
__end_of_USBWakeFromSuspend                text19       0024D6
__end_of_USB_CD_Ptr                        smallconst   000309
__end_of_USB_SD_Ptr                        smallconst   000307
__end_of_USER_USB_CALLBACK_EVENT_HANDLER   text34       001E9A
__end_of__initialization                   cinit        0025C2
__end_of_configDescriptor1                 smallconst   0003A5
__end_of_device_dsc                        smallconst   0003DF
__end_of_hid_rpt01                         smallconst   000348
__end_of_lockKeyWinCodes                   text5        002248
__end_of_lockScreen                        text2        00244E
__end_of_main                              text0        002368
__end_of_memcpy                            text24       0023B8
__end_of_memset                            text8        002510
__end_of_noKeyWinCodes                     text4        0021E4
__end_of_pinInit                           text1        002640
__end_of_sd000                             smallconst   0003E3
__end_of_sd001                             smallconst   00037C
__end_of_sd002                             smallconst   0003CD
__end_of_sensorTimerRestart                text13       00265E
__end_of_sensorTimerStart                  text15       002650
__end_of_sensorTimerTick                   text12       001A6A
__end_of_sysInterrupt                      intcode_body 00210C
__end_ofi2_USBDeviceInit                   text18       000FBC
__end_ofi2_USBTransferOnePacket            text39       001620
__end_ofi2_memset                          text30       002548
__end_ofi2_sensorTimerRestart              text16       00266C
__initialization                           cinit        0025AA
__mediumconst                              mediumconst  000000
__pbssBANK0                                bssBANK0     000060
__pbssCOMRAM                               bssCOMRAM    000001
__pcinit                                   cinit        0025AA
__pcstackBANK0                             cstackBANK0  000086
__pcstackCOMRAM                            cstackCOMRAM 00002E
__pintcode                                 intcode      000008
__pintcode_body                            intcode_body 002084
__pintcodelo                               intcodelo    000018
__psmallconst                              smallconst   000300
__ptext0                                   text0        00230E
__ptext1                                   text1        00262A
__ptext10                                  text10       0025D0
__ptext12                                  text12       00196E
__ptext13                                  text13       002650
__ptext15                                  text15       002640
__ptext16                                  text16       00265E
__ptext17                                  text17       00097C
__ptext18                                  text18       000E6A
__ptext19                                  text19       002496
__ptext2                                   text2        002404
__ptext20                                  text20       00257C
__ptext21                                  text21       0022AC
__ptext22                                  text22       002548
__ptext23                                  text23       001D30
__ptext24                                  text24       002368
__ptext25                                  text25       001FF4
__ptext26                                  text26       001256
__ptext27                                  text27       001E9A
__ptext28                                  text28       001866
__ptext29                                  text29       001C4A
__ptext3                                   text3        000730
__ptext30                                  text30       002510
__ptext31                                  text31       001B5C
__ptext32                                  text32       00110A
__ptext33                                  text33       0003E4
__ptext34                                  text34       001DE8
__ptext35                                  text35       000FBC
__ptext36                                  text36       0025F2
__ptext37                                  text37       00260E
__ptext38                                  text38       002248
__ptext39                                  text39       0014E2
__ptext4                                   text4        002180
__ptext40                                  text40       0023B8
__ptext41                                  text41       001F48
__ptext42                                  text42       00210C
__ptext43                                  text43       000BA2
__ptext44                                  text44       001A6A
__ptext45                                  text45       001620
__ptext46                                  text46       00266C
__ptext47                                  text47       001756
__ptext48                                  text48       000000
__ptext5                                   text5        0021E4
__ptext6                                   text6        0013A0
__ptext7                                   text7        000D14
__ptext8                                   text8        0024D6
__ptext9                                   text9        00244E
__ramtop                                   ramtop       000300
__size_of_APP_KeyboardInit                 (abs)        000000
__size_of_APP_KeyboardTask                 (abs)        000000
__size_of_SYS_InterruptLow                 (abs)        000000
__size_of_Sensor_Timer_Init                (abs)        000000
__size_of_USBCheckHIDRequest               (abs)        000000
__size_of_USBCheckStdRequest               (abs)        000000
__size_of_USBConfigureEndpoint             (abs)        000000
__size_of_USBCtrlEPAllowDataStage          (abs)        000000
__size_of_USBCtrlEPAllowStatusStage        (abs)        000000
__size_of_USBCtrlEPService                 (abs)        000000
__size_of_USBCtrlEPServiceComplete         (abs)        000000
__size_of_USBCtrlTrfInHandler              (abs)        000000
__size_of_USBCtrlTrfOutHandler             (abs)        000000
__size_of_USBCtrlTrfRxService              (abs)        000000
__size_of_USBCtrlTrfSetupHandler           (abs)        000000
__size_of_USBCtrlTrfTxService              (abs)        000000
__size_of_USBDeviceAttach                  (abs)        000000
__size_of_USBDeviceInit                    (abs)        000000
__size_of_USBDeviceTasks                   (abs)        000000
__size_of_USBEnableEndpoint                (abs)        000000
__size_of_USBHIDCBSetIdleRateHandler       (abs)        000000
__size_of_USBHIDCBSetReportComplete        (abs)        000000
__size_of_USBHIDCBSetReportHandler         (abs)        000000
__size_of_USBIncrement1msInternalTimers    (abs)        000000
__size_of_USBStallHandler                  (abs)        000000
__size_of_USBStdFeatureReqHandler          (abs)        000000
__size_of_USBStdGetDscHandler              (abs)        000000
__size_of_USBStdGetStatusHandler           (abs)        000000
__size_of_USBStdSetCfgHandler              (abs)        000000
__size_of_USBSuspend                       (abs)        000000
__size_of_USBTransferOnePacket             (abs)        000000
__size_of_USBWakeFromSuspend               (abs)        000000
__size_of_USER_USB_CALLBACK_EVENT_HANDLER  (abs)        000000
__size_of_lockKeyWinCodes                  (abs)        000000
__size_of_lockScreen                       (abs)        000000
__size_of_main                             (abs)        000000
__size_of_memcpy                           (abs)        000000
__size_of_memset                           (abs)        000000
__size_of_noKeyWinCodes                    (abs)        000000
__size_of_pinInit                          (abs)        000000
__size_of_sensorTimerRestart               (abs)        000000
__size_of_sensorTimerStart                 (abs)        000000
__size_of_sensorTimerTick                  (abs)        000000
__size_of_sysInterrupt                     (abs)        000000
__size_ofi2_USBDeviceInit                  (abs)        000000
__size_ofi2_USBTransferOnePacket           (abs)        000000
__size_ofi2_memset                         (abs)        000000
__size_ofi2_sensorTimerRestart             (abs)        000000
__smallconst                               smallconst   000300
_active_protocol                           bssBANK0     000084
_configDescriptor1                         smallconst   00037C
_controlTransferState                      bssCOMRAM    000027
_countSeconds                              bssBANK0     00007A
_device_dsc                                smallconst   0003CD
_endpoint_number                           bssCOMRAM    000024
_ep_data_in                                bssCOMRAM    00001B
_ep_data_out                               bssCOMRAM    000019
_hid_rpt01                                 smallconst   000309
_idle_rate                                 bssBANK0     000085
_inPipes                                   bssCOMRAM    000009
_inputReport                               (abs)        000240
_keyboard                                  bssBANK0     000068
_keyboardIdleRate                          bssBANK0     000076
_lockKeyWinCodes                           text5        0021E4
_lockScreen                                text2        002404
_locked                                    bssBANK0     000083
_locking                                   bssBANK0     000082
_main                                      text0        00230E
_memcpy                                    text24       002368
_memset                                    text8        0024D6
_noKeyWinCodes                             text4        002180
_oldInputReport                            bssBANK0     000060
_outPipes                                  bssCOMRAM    000001
_outputReport                              (abs)        000248
_pBDTEntryEP0OutCurrent                    bssCOMRAM    00001F
_pBDTEntryEP0OutNext                       bssCOMRAM    00001D
_pBDTEntryIn                               bssCOMRAM    00000F
_pBDTEntryOut                              bssCOMRAM    000013
_pDst                                      bssBANK0     000078
_pinInit                                   text1        00262A
_preWarnTimeElepased                       bssCOMRAM    00002A
_sd000                                     smallconst   0003DF
_sd001                                     smallconst   000348
_sd002                                     smallconst   0003A5
_sensorTimerRestart                        text13       002650
_sensorTimerStart                          text15       002640
_sensorTimerTick                           text12       00196E
_shortPacketStatus                         bssCOMRAM    000028
_sysInterrupt                              intcode      000008
btemp                                      temp         000057
end_of_initialization                      cinit        0025C2
i2USBDeviceInit@i                          cstackCOMRAM 000036
i2USBTransferOnePacket@data                cstackCOMRAM 00002F
i2USBTransferOnePacket@dir                 cstackCOMRAM 00002E
i2USBTransferOnePacket@ep                  cstackCOMRAM 000036
i2USBTransferOnePacket@handle              cstackCOMRAM 000037
i2USBTransferOnePacket@len                 cstackCOMRAM 000031
i2_USBDeviceInit                           text18       000E6A
i2_USBTransferOnePacket                    text39       0014E2
i2_memset                                  text30       002510
i2_sensorTimerRestart                      text16       00265E
i2memset@c                                 cstackCOMRAM 000030
i2memset@n                                 cstackCOMRAM 000032
i2memset@p                                 cstackCOMRAM 000034
i2memset@p1                                cstackCOMRAM 00002E
int$flags                                  temp         000057
int_func                                   intcode_body 002084
intlevel0                                  text         000000
intlevel1                                  text         000000
intlevel2                                  text         000000
intlevel3                                  text         000000
lockKeyWinCodes@keys                       cstackBANK0  00008A
lockScreen@i                               cstackBANK0  00009D
memcpy@d                                   cstackCOMRAM 000034
memcpy@d1                                  cstackCOMRAM 00002E
memcpy@n                                   cstackCOMRAM 000032
memcpy@s                                   cstackCOMRAM 000036
memcpy@s1                                  cstackCOMRAM 000030
memcpy@tmp                                 cstackCOMRAM 000038
memset@c                                   cstackBANK0  00008C
memset@n                                   cstackBANK0  00008E
memset@p                                   cstackBANK0  000090
memset@p1                                  cstackBANK0  00008A
noKeyWinCodes@keys                         cstackBANK0  00008A
stackhi                                    (abs)        0001FF
stacklo                                    (abs)        00009F
start                                      init         00004A
start_initialization                       cinit        0025AA
ttemp5                                     temp         000058
ttemp6                                     temp         00005B
ttemp7                                     temp         00005F
wtemp8                                     temp         000058


FUNCTION INFORMATION:

 *************** function _main *****************
 Defined at:
		line 50 in file "../src/main.c"
 Parameters:    Size  Location     Type
		None
 Auto vars:     Size  Location     Type
		None
 Return value:  Size  Location     Type
                  2   66[None  ] int 
 Registers used:
		wreg, fsr1l, fsr1h, fsr2l, fsr2h, status,2, status,0, prodl, prodh, cstack
 Tracked objects:
		On entry : 
		On exit  : 
		Unchanged: 
 Data sizes:     COMRAM   BANK0   BANK1  BANK2h  BANK2l
      Params:         0       0       0       0       0
      Locals:         0       0       0       0       0
      Temps:          0       0       0       0       0
      Totals:         0       0       0       0       0
Total ram usage:        0 bytes
 Hardware stack levels required when called:   16
 This function calls:
		_Sensor_Timer_Init
		_USBDeviceAttach
		_USBDeviceInit
		_lockScreen
		_pinInit
 This function is called by:
		Startup code after reset
 This function uses a non-reentrant model


 *************** function _pinInit *****************
 Defined at:
		line 132 in file "../src/main.c"
 Parameters:    Size  Location     Type
		None
 Auto vars:     Size  Location     Type
		None
 Return value:  Size  Location     Type
                  1    wreg      void 
 Registers used:
		wreg, status,2
 Tracked objects:
		On entry : 
		On exit  : 
		Unchanged: 
 Data sizes:     COMRAM   BANK0   BANK1  BANK2h  BANK2l
      Params:         0       0       0       0       0
      Locals:         0       0       0       0       0
      Temps:          0       0       0       0       0
      Totals:         0       0       0       0       0
Total ram usage:        0 bytes
 Hardware stack levels used:    1
 Hardware stack levels required when called:   13
 This function calls:
		Nothing
 This function is called by:
		_main
 This function uses a non-reentrant model


 *************** function _lockScreen *****************
 Defined at:
		line 73 in file "../src/main.c"
 Parameters:    Size  Location     Type
		None
 Auto vars:     Size  Location     Type
  i               2   23[BANK0 ] int 
 Return value:  Size  Location     Type
                  1    wreg      void 
 Registers used:
		wreg, fsr1l, fsr1h, fsr2l, fsr2h, status,2, status,0, prodl, prodh, cstack
 Tracked objects:
		On entry : 
		On exit  : 
		Unchanged: 
 Data sizes:     COMRAM   BANK0   BANK1  BANK2h  BANK2l
      Params:         0       0       0       0       0
      Locals:         0       2       0       0       0
      Temps:          0       0       0       0       0
      Totals:         0       2       0       0       0
Total ram usage:        2 bytes
 Hardware stack levels used:    1
 Hardware stack levels required when called:   15
 This function calls:
		_APP_KeyboardTask
 This function is called by:
		_main
 This function uses a non-reentrant model


 *************** function _APP_KeyboardTask *****************
 Defined at:
		line 127 in file "../src/keyboard_commands.c"
 Parameters:    Size  Location     Type
  command         2   15[BANK0 ] int 
 Auto vars:     Size  Location     Type
  TimeDeltaMil    2   20[BANK0 ] int 
  i               1   22[BANK0 ] unsigned char 
  needToSendNe    1   19[BANK0 ] unsigned char 
 Return value:  Size  Location     Type
                  1    wreg      void 
 Registers used:
		wreg, fsr1l, fsr1h, fsr2l, fsr2h, status,2, status,0, prodl, prodh, cstack
 Tracked objects:
		On entry : 
		On exit  : 
		Unchanged: 
 Data sizes:     COMRAM   BANK0   BANK1  BANK2h  BANK2l
      Params:         0       2       0       0       0
      Locals:         0       4       0       0       0
      Temps:          0       2       0       0       0
      Totals:         0       8       0       0       0
Total ram usage:        8 bytes
 Hardware stack levels used:    1
 Hardware stack levels required when called:   14
 This function calls:
		_USBTransferOnePacket
		_lockKeyWinCodes
		_memset
		_noKeyWinCodes
 This function is called by:
		_lockScreen
 This function uses a non-reentrant model


 *************** function _noKeyWinCodes *****************
 Defined at:
		line 242 in file "../src/keyboard_commands.c"
 Parameters:    Size  Location     Type
  keys            2    4[BANK0 ] PTR unsigned char 
		 -> inputReport(8), 
 Auto vars:     Size  Location     Type
		None
 Return value:  Size  Location     Type
                  1    wreg      void 
 Registers used:
		wreg, fsr2l, fsr2h, status,2, status,0
 Tracked objects:
		On entry : 
		On exit  : 
		Unchanged: 
 Data sizes:     COMRAM   BANK0   BANK1  BANK2h  BANK2l
      Params:         0       2       0       0       0
      Locals:         0       0       0       0       0
      Temps:          0       0       0       0       0
      Totals:         0       2       0       0       0
Total ram usage:        2 bytes
 Hardware stack levels used:    1
 Hardware stack levels required when called:   13
 This function calls:
		Nothing
 This function is called by:
		_APP_KeyboardTask
 This function uses a non-reentrant model


 *************** function _lockKeyWinCodes *****************
 Defined at:
		line 229 in file "../src/keyboard_commands.c"
 Parameters:    Size  Location     Type
  keys            2    4[BANK0 ] PTR unsigned char 
		 -> inputReport(8), 
 Auto vars:     Size  Location     Type
		None
 Return value:  Size  Location     Type
                  1    wreg      void 
 Registers used:
		wreg, fsr2l, fsr2h, status,2, status,0
 Tracked objects:
		On entry : 
		On exit  : 
		Unchanged: 
 Data sizes:     COMRAM   BANK0   BANK1  BANK2h  BANK2l
      Params:         0       2       0       0       0
      Locals:         0       0       0       0       0
      Temps:          0       0       0       0       0
      Totals:         0       2       0       0       0
Total ram usage:        2 bytes
 Hardware stack levels used:    1
 Hardware stack levels required when called:   13
 This function calls:
		Nothing
 This function is called by:
		_APP_KeyboardTask
 This function uses a non-reentrant model


 *************** function _USBTransferOnePacket *****************
 Defined at:
		line 995 in file "../src/usb_device.c"
 Parameters:    Size  Location     Type
  ep              1    wreg     unsigned char 
  dir             1    4[BANK0 ] unsigned char 
  data            2    5[BANK0 ] PTR unsigned char 
		 -> inputReport(8), outputReport(1), 
  len             1    7[BANK0 ] unsigned char 
 Auto vars:     Size  Location     Type
  ep              1   12[BANK0 ] unsigned char 
  handle          2   13[BANK0 ] PTR volatile struct __BD
		 -> RAM(767), NULL(0), BDT(32), 
 Return value:  Size  Location     Type
                  2    4[BANK0 ] PTR void 
 Registers used:
		wreg, fsr2l, fsr2h, status,2, status,0, prodl, prodh
 Tracked objects:
		On entry : 
		On exit  : 
		Unchanged: 
 Data sizes:     COMRAM   BANK0   BANK1  BANK2h  BANK2l
      Params:         0       4       0       0       0
      Locals:         0       3       0       0       0
      Temps:          0       4       0       0       0
      Totals:         0      11       0       0       0
Total ram usage:       11 bytes
 Hardware stack levels used:    1
 Hardware stack levels required when called:   13
 This function calls:
		Nothing
 This function is called by:
		_APP_KeyboardTask
 This function uses a non-reentrant model


 *************** function _USBDeviceInit *****************
 Defined at:
		line 277 in file "../src/usb_device.c"
 Parameters:    Size  Location     Type
		None
 Auto vars:     Size  Location     Type
  i               1   12[BANK0 ] unsigned char 
 Return value:  Size  Location     Type
                  1    wreg      void 
 Registers used:
		wreg, fsr2l, fsr2h, status,2, status,0, prodl, prodh, cstack
 Tracked objects:
		On entry : 
		On exit  : 
		Unchanged: 
 Data sizes:     COMRAM   BANK0   BANK1  BANK2h  BANK2l
      Params:         0       0       0       0       0
      Locals:         0       1       0       0       0
      Temps:          0       0       0       0       0
      Totals:         0       1       0       0       0
Total ram usage:        1 bytes
 Hardware stack levels used:    1
 Hardware stack levels required when called:   14
 This function calls:
		_memset
 This function is called by:
		_main
 This function uses a non-reentrant model


 *************** function _memset *****************
 Defined at:
		line 8 in file "C:\Program Files (x86)\Microchip\xc8\v2.10\pic\sources\c90\common\memset.c"
 Parameters:    Size  Location     Type
  p1              2    4[BANK0 ] PTR void 
		 -> inputReport(8), USBAlternateInterface(1), BDT(32), UEP1(1), 
  c               2    6[BANK0 ] int 
  n               2    8[BANK0 ] unsigned int 
 Auto vars:     Size  Location     Type
  p               2   10[BANK0 ] PTR unsigned char 
		 -> inputReport(8), USBAlternateInterface(1), BDT(32), UEP1(1), 
 Return value:  Size  Location     Type
                  2    4[BANK0 ] PTR void 
 Registers used:
		wreg, fsr2l, fsr2h, status,2, status,0
 Tracked objects:
		On entry : 
		On exit  : 
		Unchanged: 
 Data sizes:     COMRAM   BANK0   BANK1  BANK2h  BANK2l
      Params:         0       6       0       0       0
      Locals:         0       2       0       0       0
      Temps:          0       0       0       0       0
      Totals:         0       8       0       0       0
Total ram usage:        8 bytes
 Hardware stack levels used:    1
 Hardware stack levels required when called:   13
 This function calls:
		Nothing
 This function is called by:
		_USBDeviceInit
		_APP_KeyboardTask
 This function uses a non-reentrant model


 *************** function _USBDeviceAttach *****************
 Defined at:
		line 1352 in file "../src/usb_device.c"
 Parameters:    Size  Location     Type
		None
 Auto vars:     Size  Location     Type
		None
 Return value:  Size  Location     Type
                  1    wreg      void 
 Registers used:
		wreg, status,2
 Tracked objects:
		On entry : 
		On exit  : 
		Unchanged: 
 Data sizes:     COMRAM   BANK0   BANK1  BANK2h  BANK2l
      Params:         0       0       0       0       0
      Locals:         0       0       0       0       0
      Temps:          0       0       0       0       0
      Totals:         0       0       0       0       0
Total ram usage:        0 bytes
 Hardware stack levels used:    1
 Hardware stack levels required when called:   13
 This function calls:
		Nothing
 This function is called by:
		_main
 This function uses a non-reentrant model


 *************** function _Sensor_Timer_Init *****************
 Defined at:
		line 152 in file "../src/main.c"
 Parameters:    Size  Location     Type
		None
 Auto vars:     Size  Location     Type
		None
 Return value:  Size  Location     Type
                  1    wreg      void 
 Registers used:
		wreg, status,2
 Tracked objects:
		On entry : 
		On exit  : 
		Unchanged: 
 Data sizes:     COMRAM   BANK0   BANK1  BANK2h  BANK2l
      Params:         0       0       0       0       0
      Locals:         0       0       0       0       0
      Temps:          0       0       0       0       0
      Totals:         0       0       0       0       0
Total ram usage:        0 bytes
 Hardware stack levels used:    1
 Hardware stack levels required when called:   13
 This function calls:
		Nothing
 This function is called by:
		_main
 This function uses a non-reentrant model


 *************** function _SYS_InterruptLow *****************
 Defined at:
		line 43 in file "../src/main.c"
 Parameters:    Size  Location     Type
		None
 Auto vars:     Size  Location     Type
		None
 Return value:  Size  Location     Type
                  1    wreg      void 
 Registers used:
		wreg, status,2, status,0, cstack
 Tracked objects:
		On entry : 
		On exit  : 
		Unchanged: 
 Data sizes:     COMRAM   BANK0   BANK1  BANK2h  BANK2l
      Params:         0       0       0       0       0
      Locals:         0       0       0       0       0
      Temps:          0       3       0       0       0
      Totals:         0       3       0       0       0
Total ram usage:        3 bytes
 Hardware stack levels used:    1
 Hardware stack levels required when called:   12
 This function calls:
		_sensorTimerTick
 This function is called by:
		Interrupt level 1
 This function uses a non-reentrant model


 *************** function _sensorTimerTick *****************
 Defined at:
		line 85 in file "../src/main.c"
 Parameters:    Size  Location     Type
		None
 Auto vars:     Size  Location     Type
		None
 Return value:  Size  Location     Type
                  1    wreg      void 
 Registers used:
		wreg, status,2, status,0, cstack
 Tracked objects:
		On entry : 
		On exit  : 
		Unchanged: 
 Data sizes:     COMRAM   BANK0   BANK1  BANK2h  BANK2l
      Params:         0       0       0       0       0
      Locals:         0       0       0       0       0
      Temps:          0       1       0       0       0
      Totals:         0       1       0       0       0
Total ram usage:        1 bytes
 Hardware stack levels used:    1
 Hardware stack levels required when called:   11
 This function calls:
		_sensorTimerRestart
 This function is called by:
		_SYS_InterruptLow
 This function uses a non-reentrant model


 *************** function _sensorTimerRestart *****************
 Defined at:
		line 122 in file "../src/main.c"
 Parameters:    Size  Location     Type
		None
 Auto vars:     Size  Location     Type
		None
 Return value:  Size  Location     Type
                  1    wreg      void 
 Registers used:
		wreg, status,2
 Tracked objects:
		On entry : 
		On exit  : 
		Unchanged: 
 Data sizes:     COMRAM   BANK0   BANK1  BANK2h  BANK2l
      Params:         0       0       0       0       0
      Locals:         0       0       0       0       0
      Temps:          0       0       0       0       0
      Totals:         0       0       0       0       0
Total ram usage:        0 bytes
 Hardware stack levels used:    1
 Hardware stack levels required when called:   10
 This function calls:
		Nothing
 This function is called by:
		_sensorTimerTick
 This function uses a non-reentrant model


 *************** function _sysInterrupt *****************
 Defined at:
		line 31 in file "../src/main.c"
 Parameters:    Size  Location     Type
		None
 Auto vars:     Size  Location     Type
		None
 Return value:  Size  Location     Type
                  1    wreg      void 
 Registers used:
		wreg, fsr1l, fsr1h, fsr2l, fsr2h, status,2, status,0, pclath, tosl, tblptrl, tblptrh, tblptru, prodl, prodh, cstack
 Tracked objects:
		On entry : 
		On exit  : 
		Unchanged: 
 Data sizes:     COMRAM   BANK0   BANK1  BANK2h  BANK2l
      Params:         0       0       0       0       0
      Locals:         0       0       0       0       0
      Temps:         12       0       0       0       0
      Totals:        12       0       0       0       0
Total ram usage:       12 bytes
 Hardware stack levels used:    1
 Hardware stack levels required when called:    9
 This function calls:
		_USBDeviceTasks
		_sensorTimerStart
 This function is called by:
		Interrupt level 2
 This function uses a non-reentrant model


 *************** function _sensorTimerStart *****************
 Defined at:
		line 117 in file "../src/main.c"
 Parameters:    Size  Location     Type
		None
 Auto vars:     Size  Location     Type
		None
 Return value:  Size  Location     Type
                  1    wreg      void 
 Registers used:
		wreg, status,2, cstack
 Tracked objects:
		On entry : 
		On exit  : 
		Unchanged: 
 Data sizes:     COMRAM   BANK0   BANK1  BANK2h  BANK2l
      Params:         0       0       0       0       0
      Locals:         0       0       0       0       0
      Temps:          0       0       0       0       0
      Totals:         0       0       0       0       0
Total ram usage:        0 bytes
 Hardware stack levels used:    1
 Hardware stack levels required when called:    1
 This function calls:
		i2_sensorTimerRestart
 This function is called by:
		_sysInterrupt
 This function uses a non-reentrant model


 *************** function i2_sensorTimerRestart *****************
 Defined at:
		line 122 in file "../src/main.c"
 Parameters:    Size  Location     Type
		None
 Auto vars:     Size  Location     Type
		None
 Return value:  Size  Location     Type
                  1    wreg      void 
 Registers used:
		wreg, status,2
 Tracked objects:
		On entry : 
		On exit  : 
		Unchanged: 
 Data sizes:     COMRAM   BANK0   BANK1  BANK2h  BANK2l
      Params:         0       0       0       0       0
      Locals:         0       0       0       0       0
      Temps:          0       0       0       0       0
      Totals:         0       0       0       0       0
Total ram usage:        0 bytes
 Hardware stack levels used:    1
 This function calls:
		Nothing
 This function is called by:
		_sensorTimerStart
 This function uses a non-reentrant model


 *************** function _USBDeviceTasks *****************
 Defined at:
		line 477 in file "../src/usb_device.c"
 Parameters:    Size  Location     Type
		None
 Auto vars:     Size  Location     Type
  i               1   28[COMRAM] unsigned char 
 Return value:  Size  Location     Type
                  1    wreg      void 
 Registers used:
		wreg, fsr1l, fsr1h, fsr2l, fsr2h, status,2, status,0, pclath, tosl, tblptrl, tblptrh, tblptru, prodl, prodh, cstack
 Tracked objects:
		On entry : 
		On exit  : 
		Unchanged: 
 Data sizes:     COMRAM   BANK0   BANK1  BANK2h  BANK2l
      Params:         0       0       0       0       0
      Locals:         1       0       0       0       0
      Temps:          0       0       0       0       0
      Totals:         1       0       0       0       0
Total ram usage:        1 bytes
 Hardware stack levels used:    1
 Hardware stack levels required when called:    8
 This function calls:
		_USBCtrlEPAllowStatusStage
		_USBCtrlEPService
		_USBIncrement1msInternalTimers
		_USBStallHandler
		_USBSuspend
		_USBWakeFromSuspend
		_USER_USB_CALLBACK_EVENT_HANDLER
		i2_USBDeviceInit
 This function is called by:
		_sysInterrupt
 This function uses a non-reentrant model


 *************** function i2_USBDeviceInit *****************
 Defined at:
		line 277 in file "../src/usb_device.c"
 Parameters:    Size  Location     Type
		None
 Auto vars:     Size  Location     Type
  USBDeviceIni    1    8[COMRAM] unsigned char 
 Return value:  Size  Location     Type
                  1    wreg      void 
 Registers used:
		wreg, fsr2l, fsr2h, status,2, status,0, prodl, prodh, cstack
 Tracked objects:
		On entry : 
		On exit  : 
		Unchanged: 
 Data sizes:     COMRAM   BANK0   BANK1  BANK2h  BANK2l
      Params:         0       0       0       0       0
      Locals:         1       0       0       0       0
      Temps:          0       0       0       0       0
      Totals:         1       0       0       0       0
Total ram usage:        1 bytes
 Hardware stack levels used:    1
 Hardware stack levels required when called:    1
 This function calls:
		i2_memset
 This function is called by:
		_USBDeviceTasks
 This function uses a non-reentrant model


 *************** function _USBWakeFromSuspend *****************
 Defined at:
		line 2303 in file "../src/usb_device.c"
 Parameters:    Size  Location     Type
		None
 Auto vars:     Size  Location     Type
		None
 Return value:  Size  Location     Type
                  1    wreg      void 
 Registers used:
		wreg, fsr2l, fsr2h, status,2, status,0, prodl, prodh, cstack
 Tracked objects:
		On entry : 
		On exit  : 
		Unchanged: 
 Data sizes:     COMRAM   BANK0   BANK1  BANK2h  BANK2l
      Params:         0       0       0       0       0
      Locals:         0       0       0       0       0
      Temps:          0       0       0       0       0
      Totals:         0       0       0       0       0
Total ram usage:        0 bytes
 Hardware stack levels used:    1
 Hardware stack levels required when called:    4
 This function calls:
		_USER_USB_CALLBACK_EVENT_HANDLER
 This function is called by:
		_USBDeviceTasks
 This function uses a non-reentrant model


 *************** function _USBSuspend *****************
 Defined at:
		line 2245 in file "../src/usb_device.c"
 Parameters:    Size  Location     Type
		None
 Auto vars:     Size  Location     Type
		None
 Return value:  Size  Location     Type
                  1    wreg      void 
 Registers used:
		wreg, fsr2l, fsr2h, status,2, status,0, prodl, prodh, cstack
 Tracked objects:
		On entry : 
		On exit  : 
		Unchanged: 
 Data sizes:     COMRAM   BANK0   BANK1  BANK2h  BANK2l
      Params:         0       0       0       0       0
      Locals:         0       0       0       0       0
      Temps:          0       0       0       0       0
      Totals:         0       0       0       0       0
Total ram usage:        0 bytes
 Hardware stack levels used:    1
 Hardware stack levels required when called:    4
 This function calls:
		_USER_USB_CALLBACK_EVENT_HANDLER
 This function is called by:
		_USBDeviceTasks
 This function uses a non-reentrant model


 *************** function _USBStallHandler *****************
 Defined at:
		line 2202 in file "../src/usb_device.c"
 Parameters:    Size  Location     Type
		None
 Auto vars:     Size  Location     Type
		None
 Return value:  Size  Location     Type
                  1    wreg      void 
 Registers used:
		wreg, fsr2l, fsr2h, status,2, status,0
 Tracked objects:
		On entry : 
		On exit  : 
		Unchanged: 
 Data sizes:     COMRAM   BANK0   BANK1  BANK2h  BANK2l
      Params:         0       0       0       0       0
      Locals:         0       0       0       0       0
      Temps:          1       0       0       0       0
      Totals:         1       0       0       0       0
Total ram usage:        1 bytes
 Hardware stack levels used:    1
 This function calls:
		Nothing
 This function is called by:
		_USBDeviceTasks
 This function uses a non-reentrant model


 *************** function _USBIncrement1msInternalTimers *****************
 Defined at:
		line 3025 in file "../src/usb_device.c"
 Parameters:    Size  Location     Type
		None
 Auto vars:     Size  Location     Type
		None
 Return value:  Size  Location     Type
                  1    wreg      void 
 Registers used:
		wreg, status,2, status,0
 Tracked objects:
		On entry : 
		On exit  : 
		Unchanged: 
 Data sizes:     COMRAM   BANK0   BANK1  BANK2h  BANK2l
      Params:         0       0       0       0       0
      Locals:         0       0       0       0       0
      Temps:          0       0       0       0       0
      Totals:         0       0       0       0       0
Total ram usage:        0 bytes
 Hardware stack levels used:    1
 This function calls:
		Nothing
 This function is called by:
		_USBDeviceTasks
 This function uses a non-reentrant model


 *************** function _USBCtrlEPService *****************
 Defined at:
		line 2372 in file "../src/usb_device.c"
 Parameters:    Size  Location     Type
		None
 Auto vars:     Size  Location     Type
		None
 Return value:  Size  Location     Type
                  1    wreg      void 
 Registers used:
		wreg, fsr1l, fsr1h, fsr2l, fsr2h, status,2, status,0, pclath, tosl, tblptrl, tblptrh, tblptru, prodl, prodh, cstack
 Tracked objects:
		On entry : 
		On exit  : 
		Unchanged: 
 Data sizes:     COMRAM   BANK0   BANK1  BANK2h  BANK2l
      Params:         0       0       0       0       0
      Locals:         0       0       0       0       0
      Temps:          1       0       0       0       0
      Totals:         1       0       0       0       0
Total ram usage:        1 bytes
 Hardware stack levels used:    1
 Hardware stack levels required when called:    7
 This function calls:
		_USBCtrlTrfInHandler
		_USBCtrlTrfOutHandler
		_USBCtrlTrfSetupHandler
		_memcpy
 This function is called by:
		_USBDeviceTasks
 This function uses a non-reentrant model


 *************** function _memcpy *****************
 Defined at:
		line 27 in file "C:\Program Files (x86)\Microchip\xc8\v2.10\pic\sources\c90\common\memcpy.c"
 Parameters:    Size  Location     Type
  d1              2    0[COMRAM] PTR void 
		 -> SetupPkt(8), 
  s1              2    2[COMRAM] PTR const void 
		 -> CtrlTrfData(8), RAM(767), SetupPkt(8), 
  n               2    4[COMRAM] unsigned int 
 Auto vars:     Size  Location     Type
  s               2    8[COMRAM] PTR const unsigned char 
		 -> CtrlTrfData(8), RAM(767), SetupPkt(8), 
  d               2    6[COMRAM] PTR unsigned char 
		 -> SetupPkt(8), 
[...]
		 -> RAM(767), NULL(0), BDT(32), 
  pUEP            2   22[COMRAM] PTR unsigned char 
		 -> UEP0(1), 
  current_ep_d    1   24[COMRAM] struct .
 Return value:  Size  Location     Type
                  1    wreg      void 
 Registers used:
		wreg, fsr2l, fsr2h, status,2, status,0, prodl, prodh, cstack
 Tracked objects:
		On entry : 
		On exit  : 
		Unchanged: 
 Data sizes:     COMRAM   BANK0   BANK1  BANK2h  BANK2l
      Params:         0       0       0       0       0
      Locals:         5       0       0       0       0
      Temps:          2       0       0       0       0
      Totals:         7       0       0       0       0
Total ram usage:        7 bytes
 Hardware stack levels used:    1
 Hardware stack levels required when called:    4
 This function calls:
		_USER_USB_CALLBACK_EVENT_HANDLER
 This function is called by:
		_USBCheckStdRequest
 This function uses a non-reentrant model


 *************** function _USER_USB_CALLBACK_EVENT_HANDLER *****************
 Defined at:
		line 12 in file "../src/usb_events.c"
 Parameters:    Size  Location     Type
  event           2   12[COMRAM] enum E232
  pdata           2   14[COMRAM] PTR void 
		 -> RAM(767), USTATcopy(1), USBActiveConfiguration(1), NULL(0), 
		 -> BDT(32), 
  size            2   16[COMRAM] unsigned int 
 Auto vars:     Size  Location     Type
		None
 Return value:  Size  Location     Type
                  1    wreg      unsigned char 
 Registers used:
		wreg, fsr2l, fsr2h, status,2, status,0, prodl, prodh, cstack
 Tracked objects:
		On entry : 
		On exit  : 
		Unchanged: 
 Data sizes:     COMRAM   BANK0   BANK1  BANK2h  BANK2l
      Params:         6       0       0       0       0
      Locals:         0       0       0       0       0
      Temps:          2       0       0       0       0
      Totals:         8       0       0       0       0
Total ram usage:        8 bytes
 Hardware stack levels used:    1
 Hardware stack levels required when called:    3
 This function calls:
		_APP_KeyboardInit
		_USBCheckHIDRequest
 This function is called by:
		_USBDeviceTasks
		_USBStdSetCfgHandler
		_USBSuspend
		_USBWakeFromSuspend
		_USBCtrlTrfSetupHandler
		_USBCheckStdRequest
		_USBStdFeatureReqHandler
 This function uses a non-reentrant model


 *************** function _USBCheckHIDRequest *****************
 Defined at:
		line 153 in file "../src/usb_device_hid.c"
 Parameters:    Size  Location     Type
		None
 Auto vars:     Size  Location     Type
		None
 Return value:  Size  Location     Type
                  1    wreg      void 
 Registers used:
		wreg, status,2, status,0, cstack
 Tracked objects:
		On entry : 
		On exit  : 
		Unchanged: 
 Data sizes:     COMRAM   BANK0   BANK1  BANK2h  BANK2l
      Params:         0       0       0       0       0
      Locals:         0       0       0       0       0
      Temps:          0       0       0       0       0
      Totals:         0       0       0       0       0
Total ram usage:        0 bytes
 Hardware stack levels used:    1
 Hardware stack levels required when called:    1
 This function calls:
		_USBHIDCBSetIdleRateHandler
		_USBHIDCBSetReportHandler
 This function is called by:
		_USER_USB_CALLBACK_EVENT_HANDLER
 This function uses a non-reentrant model


 *************** function _USBHIDCBSetReportHandler *****************
 Defined at:
		line 216 in file "../src/keyboard_commands.c"
 Parameters:    Size  Location     Type
		None
 Auto vars:     Size  Location     Type
		None
 Return value:  Size  Location     Type
                  1    wreg      void 
 Registers used:
		wreg, status,2, status,0
 Tracked objects:
		On entry : 
		On exit  : 
		Unchanged: 
 Data sizes:     COMRAM   BANK0   BANK1  BANK2h  BANK2l
      Params:         0       0       0       0       0
      Locals:         0       0       0       0       0
      Temps:          0       0       0       0       0
      Totals:         0       0       0       0       0
Total ram usage:        0 bytes
 Hardware stack levels used:    1
 This function calls:
		Nothing
 This function is called by:
		_USBCheckHIDRequest
 This function uses a non-reentrant model


 *************** function _USBHIDCBSetIdleRateHandler *****************
 Defined at:
		line 220 in file "../src/keyboard_commands.c"
 Parameters:    Size  Location     Type
  reportID        1    wreg     unsigned char 
  newIdleRate     1    0[COMRAM] unsigned char 
 Auto vars:     Size  Location     Type
  reportID        1    1[COMRAM] unsigned char 
 Return value:  Size  Location     Type
                  1    wreg      void 
 Registers used:
		wreg, status,2
 Tracked objects:
		On entry : 
		On exit  : 
		Unchanged: 
 Data sizes:     COMRAM   BANK0   BANK1  BANK2h  BANK2l
      Params:         1       0       0       0       0
      Locals:         1       0       0       0       0
      Temps:          0       0       0       0       0
      Totals:         2       0       0       0       0
Total ram usage:        2 bytes
 Hardware stack levels used:    1
 This function calls:
		Nothing
 This function is called by:
		_USBCheckHIDRequest
 This function uses a non-reentrant model


 *************** function _APP_KeyboardInit *****************
 Defined at:
		line 108 in file "../src/keyboard_commands.c"
 Parameters:    Size  Location     Type
		None
 Auto vars:     Size  Location     Type
		None
 Return value:  Size  Location     Type
                  1    wreg      void 
 Registers used:
		wreg, fsr2l, fsr2h, status,2, status,0, prodl, prodh, cstack
 Tracked objects:
		On entry : 
		On exit  : 
		Unchanged: 
 Data sizes:     COMRAM   BANK0   BANK1  BANK2h  BANK2l
      Params:         0       0       0       0       0
      Locals:         0       0       0       0       0
      Temps:          0       0       0       0       0
      Totals:         0       0       0       0       0
Total ram usage:        0 bytes
 Hardware stack levels used:    1
 Hardware stack levels required when called:    2
 This function calls:
		_USBEnableEndpoint
		i2_USBTransferOnePacket
 This function is called by:
		_USER_USB_CALLBACK_EVENT_HANDLER
 This function uses a non-reentrant model


 *************** function i2_USBTransferOnePacket *****************
 Defined at:
		line 995 in file "../src/usb_device.c"
 Parameters:    Size  Location     Type
  ep              1    wreg     unsigned char 
  dir             1    0[COMRAM] unsigned char 
  data            2    1[COMRAM] PTR unsigned char 
		 -> inputReport(8), outputReport(1), 
  len             1    3[COMRAM] unsigned char 
 Auto vars:     Size  Location     Type
  ep              1    8[COMRAM] unsigned char 
  USBTransferO    2    9[COMRAM] PTR volatile struct __BD
		 -> RAM(767), NULL(0), BDT(32), 
 Return value:  Size  Location     Type
                  2    0[COMRAM] PTR void 
 Registers used:
		wreg, fsr2l, fsr2h, status,2, status,0, prodl, prodh
 Tracked objects:
		On entry : 
		On exit  : 
		Unchanged: 
 Data sizes:     COMRAM   BANK0   BANK1  BANK2h  BANK2l
      Params:         4       0       0       0       0
      Locals:         3       0       0       0       0
      Temps:          4       0       0       0       0
      Totals:        11       0       0       0       0
Total ram usage:       11 bytes
 Hardware stack levels used:    1
 This function calls:
		Nothing
 This function is called by:
		_APP_KeyboardInit
 This function uses a non-reentrant model


 *************** function _USBEnableEndpoint *****************
 Defined at:
		line 878 in file "../src/usb_device.c"
 Parameters:    Size  Location     Type
  ep              1    wreg     unsigned char 
  options         1    8[COMRAM] unsigned char 
 Auto vars:     Size  Location     Type
  ep              1   11[COMRAM] unsigned char 
  p               2    9[COMRAM] PTR unsigned char 
		 -> UEP0(1), 
 Return value:  Size  Location     Type
                  1    wreg      void 
 Registers used:
		wreg, fsr2l, fsr2h, status,2, status,0, prodl, prodh, cstack
 Tracked objects:
		On entry : 
		On exit  : 
		Unchanged: 
 Data sizes:     COMRAM   BANK0   BANK1  BANK2h  BANK2l
      Params:         1       0       0       0       0
      Locals:         3       0       0       0       0
      Temps:          0       0       0       0       0
      Totals:         4       0       0       0       0
Total ram usage:        4 bytes
 Hardware stack levels used:    1
 Hardware stack levels required when called:    1
 This function calls:
		_USBConfigureEndpoint
 This function is called by:
		_APP_KeyboardInit
 This function uses a non-reentrant model


 *************** function _USBConfigureEndpoint *****************
 Defined at:
		line 1543 in file "../src/usb_device.c"
 Parameters:    Size  Location     Type
  EPNum           1    wreg     unsigned char 
  direction       1    0[COMRAM] unsigned char 
 Auto vars:     Size  Location     Type
  EPNum           1    5[COMRAM] unsigned char 
  handle          2    6[COMRAM] PTR volatile struct __BD
		 -> BDT(32), 
 Return value:  Size  Location     Type
                  1    wreg      void 
 Registers used:
		wreg, fsr2l, fsr2h, status,2, status,0, prodl, prodh
 Tracked objects:
		On entry : 
		On exit  : 
		Unchanged: 
 Data sizes:     COMRAM   BANK0   BANK1  BANK2h  BANK2l
      Params:         1       0       0       0       0
      Locals:         3       0       0       0       0
      Temps:          4       0       0       0       0
      Totals:         8       0       0       0       0
Total ram usage:        8 bytes
 Hardware stack levels used:    1
 This function calls:
		Nothing
 This function is called by:
		_USBEnableEndpoint
 This function uses a non-reentrant model


 *************** function _USBCtrlTrfOutHandler *****************
 Defined at:
		line 2538 in file "../src/usb_device.c"
 Parameters:    Size  Location     Type
		None
 Auto vars:     Size  Location     Type
		None
 Return value:  Size  Location     Type
                  1    wreg      void 
 Registers used:
		wreg, fsr1l, fsr1h, fsr2l, fsr2h, status,2, status,0, pclath, tosl, cstack
 Tracked objects:
		On entry : 
		On exit  : 
		Unchanged: 
 Data sizes:     COMRAM   BANK0   BANK1  BANK2h  BANK2l
      Params:         0       0       0       0       0
      Locals:         0       0       0       0       0
      Temps:          0       0       0       0       0
      Totals:         0       0       0       0       0
Total ram usage:        0 bytes
 Hardware stack levels used:    1
 Hardware stack levels required when called:    2
 This function calls:
		_USBCtrlTrfRxService
 This function is called by:
		_USBCtrlEPService
 This function uses a non-reentrant model


 *************** function _USBCtrlTrfRxService *****************
 Defined at:
		line 1852 in file "../src/usb_device.c"
 Parameters:    Size  Location     Type
		None
 Auto vars:     Size  Location     Type
  byteToRead      1    1[COMRAM] unsigned char 
  i               1    0[COMRAM] unsigned char 
 Return value:  Size  Location     Type
                  1    wreg      void 
 Registers used:
		wreg, fsr1l, fsr1h, fsr2l, fsr2h, status,2, status,0, pclath, tosl, cstack
 Tracked objects:
		On entry : 
		On exit  : 
		Unchanged: 
 Data sizes:     COMRAM   BANK0   BANK1  BANK2h  BANK2l
      Params:         0       0       0       0       0
      Locals:         2       0       0       0       0
      Temps:          0       0       0       0       0
      Totals:         2       0       0       0       0
Total ram usage:        2 bytes
 Hardware stack levels used:    1
 Hardware stack levels required when called:    1
 This function calls:
		_USBCtrlEPAllowStatusStage
		_USBHIDCBSetReportComplete
 This function is called by:
		_USBCtrlTrfOutHandler
 This function uses a non-reentrant model


 *************** function _USBCtrlEPAllowStatusStage *****************
 Defined at:
		line 1416 in file "../src/usb_device.c"
 Parameters:    Size  Location     Type
		None
 Auto vars:     Size  Location     Type
		None
 Return value:  Size  Location     Type
                  1    wreg      void 
 Registers used:
		wreg, fsr2l, fsr2h, status,2, status,0
 Tracked objects:
		On entry : 
		On exit  : 
		Unchanged: 
 Data sizes:     COMRAM   BANK0   BANK1  BANK2h  BANK2l
      Params:         0       0       0       0       0
      Locals:         0       0       0       0       0
      Temps:          0       0       0       0       0
      Totals:         0       0       0       0       0
Total ram usage:        0 bytes
 Hardware stack levels used:    1
 This function calls:
		Nothing
 This function is called by:
		_USBDeviceTasks
		_USBCtrlEPServiceComplete
		_USBCtrlTrfRxService
 This function uses a non-reentrant model


 *************** function _USBCtrlTrfInHandler *****************
 Defined at:
		line 2592 in file "../src/usb_device.c"
 Parameters:    Size  Location     Type
		None
 Auto vars:     Size  Location     Type
  lastDTS         1    1[COMRAM] unsigned char 
 Return value:  Size  Location     Type
                  1    wreg      void 
 Registers used:
		wreg, fsr1l, fsr1h, fsr2l, fsr2h, status,2, status,0, pclath, tosl, tblptrl, tblptrh, tblptru, cstack
 Tracked objects:
		On entry : 
		On exit  : 
		Unchanged: 
 Data sizes:     COMRAM   BANK0   BANK1  BANK2h  BANK2l
      Params:         0       0       0       0       0
      Locals:         1       0       0       0       0
      Temps:          0       0       0       0       0
      Totals:         1       0       0       0       0
Total ram usage:        1 bytes
 Hardware stack levels used:    1
 Hardware stack levels required when called:    1
 This function calls:
		_USBCtrlTrfTxService
		_USBHIDCBSetReportComplete
 This function is called by:
		_USBCtrlEPService
 This function uses a non-reentrant model


 *************** function _USBHIDCBSetReportComplete *****************
 Defined at:
		line 212 in file "../src/keyboard_commands.c"
 Parameters:    Size  Location     Type
		None
 Auto vars:     Size  Location     Type
		None
 Return value:  Size  Location     Type
                  1    wreg      void 
 Registers used:
		None
 Tracked objects:
		On entry : 
		On exit  : 
		Unchanged: 
 Data sizes:     COMRAM   BANK0   BANK1  BANK2h  BANK2l
      Params:         0       0       0       0       0
      Locals:         0       0       0       0       0
      Temps:          0       0       0       0       0
      Totals:         0       0       0       0       0
Total ram usage:        0 bytes
 Hardware stack levels used:    1
 This function calls:
		Nothing
 This function is called by:
		_USBHIDCBSetReportHandler
		_USBCtrlTrfRxService
		_USBCtrlTrfInHandler
 This function uses a non-reentrant model


 *************** function _USBCtrlTrfTxService *****************
 Defined at:
		line 1771 in file "../src/usb_device.c"
 Parameters:    Size  Location     Type
		None
 Auto vars:     Size  Location     Type
  byteToSend      1    0[COMRAM] unsigned char 
 Return value:  Size  Location     Type
                  1    wreg      void 
 Registers used:
		wreg, fsr1l, fsr1h, fsr2l, fsr2h, status,2, status,0, tblptrl, tblptrh, tblptru
 Tracked objects:
		On entry : 
		On exit  : 
		Unchanged: 
 Data sizes:     COMRAM   BANK0   BANK1  BANK2h  BANK2l
      Params:         0       0       0       0       0
      Locals:         1       0       0       0       0
      Temps:          0       0       0       0       0
      Totals:         1       0       0       0       0
Total ram usage:        1 bytes
 Hardware stack levels used:    1
 This function calls:
		Nothing
 This function is called by:
		_USBCtrlEPAllowDataStage
		_USBCtrlTrfInHandler
 This function uses a non-reentrant model



MODULE INFORMATION

Module		Function		Class		Link	Load	Size
../src/usb_device.c
		_USBCtrlTrfInHandler		CODE           	1620	0000	311
		_USBTransferOnePacket		CODE           	13A0	0000	323
		_USBDeviceAttach		CODE           	244E	0000	73
		_USBStdGetDscHandler		CODE           	110A	0000	333
		_USBCtrlEPAllowDataStage		CODE           	1E9A	0000	175
		_USBStdFeatureReqHandler		CODE           	03E4	0000	845
		_USBCtrlEPAllowStatusStage		CODE           	1A6A	0000	243
		_USBCtrlTrfSetupHandler		CODE           	1FF4	0000	145
		_USBCtrlTrfOutHandler		CODE           	210C	0000	117
		_USBCtrlEPServiceComplete		CODE           	1256	0000	331
		_USBSuspend    		CODE           	257C	0000	47
		_USBStdSetCfgHandler		CODE           	1C4A	0000	231
		_USBStdGetStatusHandler		CODE           	1B5C	0000	239
		_USBWakeFromSuspend		CODE           	2496	0000	65
		_USBCtrlTrfRxService		CODE           	0BA2	0000	371
		_USBCtrlTrfTxService		CODE           	1756	0000	273
		_USBEnableEndpoint		CODE           	23B8	0000	77
		_USBConfigureEndpoint		CODE           	1F48	0000	173
		_USBDeviceInit 		CODE           	0D14	0000	343
		_USBIncrement1msInternalTimers		CODE           	2548	0000	53
		_USBCtrlEPService		CODE           	1D30	0000	185
		_USBStallHandler		CODE           	22AC	0000	99
		_USBDeviceTasks		CODE           	097C	0000	551
		_USBCheckStdRequest		CODE           	1866	0000	265

../src/usb_device.c estimated size: 5868

C:\Program Files (x86)\Microchip\xc8\v2.10\pic\sources\c90\common\memcpy.c
		_memcpy        		CODE           	2368	0000	81

C:\Program Files (x86)\Microchip\xc8\v2.10\pic\sources\c90\common\memcpy.c estimated size: 81

../src/keyboard_commands.c
		_APP_KeyboardTask		CODE           	0730	0000	589
		_APP_KeyboardInit		CODE           	2248	0000	101
		_USBHIDCBSetIdleRateHandler		CODE           	260E	0000	29
		_USBHIDCBSetReportHandler		CODE           	25F2	0000	29
		_lockKeyWinCodes		CODE           	21E4	0000	101
		_noKeyWinCodes 		CODE           	2180	0000	101
		_USBHIDCBSetReportComplete		CODE           	266C	0000	7

../src/keyboard_commands.c estimated size: 957

../src/usb_device_hid.c
		_USBCheckHIDRequest		CODE           	0FBC	0000	335

../src/usb_device_hid.c estimated size: 335

../src/usb_events.c
		_USER_USB_CALLBACK_EVENT_HANDLER		CODE           	1DE8	0000	179

../src/usb_events.c estimated size: 179

shared
		_configDescriptor1		SMALLCONST     	037C	0000	42
		_USB_CD_Ptr    		SMALLCONST     	0307	0000	3
		_sd001         		SMALLCONST     	0348	0000	53
		_sd002         		SMALLCONST     	03A5	0000	41
		i2_USBDeviceInit		CODE           	0E6A	0000	339
		__initialization		CODE           	25AA	0000	25
		i2_sensorTimerRestart		CODE           	265E	0000	15
		_device_dsc    		SMALLCONST     	03CD	0000	19
		_USB_SD_Ptr    		SMALLCONST     	0301	0000	7
		_hid_rpt01     		SMALLCONST     	0309	0000	64
		i2_memset      		CODE           	2510	0000	57
		_sd000         		SMALLCONST     	03DF	0000	5
		i2_USBTransferOnePacket		CODE           	14E2	0000	319

shared estimated size: 989

C:\Program Files (x86)\Microchip\xc8\v2.10\pic\sources\c90\common\memset.c
		_memset        		CODE           	24D6	0000	59

C:\Program Files (x86)\Microchip\xc8\v2.10\pic\sources\c90\common\memset.c estimated size: 59

../src/main.c
		_SYS_InterruptLow		CODE           	0018	0000	51
		_sensorTimerRestart		CODE           	2650	0000	15
		_main          		CODE           	230E	0000	91
		_pinInit       		CODE           	262A	0000	23
		_sensorTimerStart		CODE           	2640	0000	17
		_sysInterrupt  		CODE           	0008	0000	143
		_sensorTimerTick		CODE           	196E	0000	253
		_Sensor_Timer_Init		CODE           	25D0	0000	35
		_lockScreen    		CODE           	2404	0000	75

../src/main.c estimated size: 703

